
> bank-app@0.0.0 build
> vite build

[36mvite v8.0.10 [32mbuilding client environment for production...[36m[39m
[2K
transforming...Γ£ô 26 modules transformed.
node.exe : [31mΓ£ù[39m Build failed in 243ms
At line:1 char:1
+ & "C:\Program Files\nodejs/node.exe" "C:\Program Files\nodejs/node_mo ...
+ ~~~~~~~~~~~~~~~~~~~~~~~~~~~~~~~~~~~~~~~~~~~~~~~~~~~~~~~~~~~~~~~~~~~~~
    + CategoryInfo          : NotSpecified: ([31mΓ£ù[39m Build failed in 243ms:String) [], RemoteException
    + FullyQualifiedErrorId : NativeCommandError
 
[31merror during build:
[31mBuild failed with 4 errors:

[31m[builtin:vite-transform] Error:[0m Invalid Unicode escape sequence
     [38;5;246mΓò¡[0m[38;5;246mΓöÇ[0m[38;5;246m[[0m src/components/Credits.jsx:122:47 [38;5;246m][0m
     [38;5;246mΓöé[0m
 [38;5;246m122 Γöé[0m [38;5;249m [0m[38;5;249m [0m[38;5;249m [0m[38;5;249m [0m[38;5;249m [0m[38;5;249m 
[0m[38;5;249m [0m[38;5;249m [0m[38;5;249m [0m[38;5;249m [0m[38;5;249m [0m[38;5;249m [0m[38;5;249m 
[0m[38;5;249m [0m[38;5;249m [0m[38;5;249m [0m[38;5;249m [0m[38;5;249m [0m[38;5;249m [0m[38;5;249m 
[0m[38;5;249m [0m[38;5;249m [0m[38;5;249m [0m[38;5;249m 
[0m[38;5;249m<[0m[38;5;249md[0m[38;5;249mi[0m[38;5;249mv[0m[38;5;249m [0m[38;5;249ms[0m[38;5;249mt[0m[3
8;5;249my[0m[38;5;249ml[0m[38;5;249me[0m[38;5;249m=[0m[38;5;249m{[0m[38;5;249m{[0m[38;5;249m 
[0m[38;5;249mw[0m[38;5;249mi[0m[38;5;249md[0m[38;5;249mt[0m[38;5;249mh[0m[38;5;249m:[0m[38;5;249m [0m[3
8;5;249m\[0m`[38;5;249m\[0m[38;5;249m$[0m[38;5;249m{[0m[38;5;249mp[0m[38;5;249mr[0m[38;5;249mo[0m[38;5;24
9mg[0m[38;5;249mr[0m[38;5;249me[0m[38;5;249ms[0m[38;5;249ms[0m[38;5;249m}[0m[38;5;249m%[0m[38;5;249m\[0m
[38;5;249m`[0m[38;5;249m,[0m[38;5;249m [0m[38;5;249mh[0m[38;5;249me[0m[38;5;249mi[0m[38;5;249mg[0m[38;5;
249mh[0m[38;5;249mt[0m[38;5;249m:[0m[38;5;249m [0m[38;5;249m'[0m[38;5;249m1[0m[38;5;249m0[0m[38;5;249m0[
0m[38;5;249m%[0m[38;5;249m'[0m[38;5;249m,[0m[38;5;249m [0m[38;5;249mb[0m[38;5;249ma[0m[38;5;249mc[0m[38;
5;249mk[0m[38;5;249mg[0m[38;5;249mr[0m[38;5;249mo[0m[38;5;249mu[0m[38;5;249mn[0m[38;5;249md[0m[38;5;249m:
[0m[38;5;249m [0m[38;5;249m'[0m[38;5;249mv[0m[38;5;249ma[0m[38;5;249mr[0m[38;5;249m([0m[38;5;249m-[0m[3
8;5;249m-[0m[38;5;249ma[0m[38;5;249mc[0m[38;5;249mc[0m[38;5;249me[0m[38;5;249mn[0m[38;5;249mt[0m[38;5;249
m-[0m[38;5;249mg[0m[38;5;249mr[0m[38;5;249ma[0m[38;5;249md[0m[38;5;249mi[0m[38;5;249me[0m[38;5;249mn[0m
[38;5;249mt[0m[38;5;249m)[0m[38;5;249m'[0m[38;5;249m [0m[38;5;249m}[0m[38;5;249m}[0m[38;5;249m>[0m[38;5;2
49m<[0m[38;5;249m/[0m[38;5;249md[0m[38;5;249mi[0m[38;5;249mv[0m[38;5;249m>[0m
 [38;5;240m    Γöé[0m                                               Γö¼  
 [38;5;240m    Γöé[0m                                               Γò░ΓöÇΓöÇ 
[38;5;246mΓöÇΓöÇΓöÇΓöÇΓöÇΓò»[0m

[31m[builtin:vite-transform] Error:[0m Invalid Unicode escape sequence
     [38;5;246mΓò¡[0m[38;5;246mΓöÇ[0m[38;5;246m[[0m src/components/Credits.jsx:122:49 [38;5;246m][0m
     [38;5;246mΓöé[0m
 [38;5;246m122 Γöé[0m [38;5;249m [0m[38;5;249m [0m[38;5;249m [0m[38;5;249m [0m[38;5;249m [0m[38;5;249m 
[0m[38;5;249m [0m[38;5;249m [0m[38;5;249m [0m[38;5;249m [0m[38;5;249m [0m[38;5;249m [0m[38;5;249m 
[0m[38;5;249m [0m[38;5;249m [0m[38;5;249m [0m[38;5;249m [0m[38;5;249m [0m[38;5;249m [0m[38;5;249m 
[0m[38;5;249m [0m[38;5;249m [0m[38;5;249m [0m[38;5;249m 
[0m[38;5;249m<[0m[38;5;249md[0m[38;5;249mi[0m[38;5;249mv[0m[38;5;249m [0m[38;5;249ms[0m[38;5;249mt[0m[3
8;5;249my[0m[38;5;249ml[0m[38;5;249me[0m[38;5;249m=[0m[38;5;249m{[0m[38;5;249m{[0m[38;5;249m 
[0m[38;5;249mw[0m[38;5;249mi[0m[38;5;249md[0m[38;5;249mt[0m[38;5;249mh[0m[38;5;249m:[0m[38;5;249m [0m[3
8;5;249m\[0m[38;5;249m`[0m[38;5;249m\[0m$[38;5;249m{[0m[38;5;249mp[0m[38;5;249mr[0m[38;5;249mo[0m[38;5;24
9mg[0m[38;5;249mr[0m[38;5;249me[0m[38;5;249ms[0m[38;5;249ms[0m[38;5;249m}[0m[38;5;249m%[0m[38;5;249m\[0m
[38;5;249m`[0m[38;5;249m,[0m[38;5;249m [0m[38;5;249mh[0m[38;5;249me[0m[38;5;249mi[0m[38;5;249mg[0m[38;5;
249mh[0m[38;5;249mt[0m[38;5;249m:[0m[38;5;249m [0m[38;5;249m'[0m[38;5;249m1[0m[38;5;249m0[0m[38;5;249m0[
0m[38;5;249m%[0m[38;5;249m'[0m[38;5;249m,[0m[38;5;249m [0m[38;5;249mb[0m[38;5;249ma[0m[38;5;249mc[0m[38;
5;249mk[0m[38;5;249mg[0m[38;5;249mr[0m[38;5;249mo[0m[38;5;249mu[0m[38;5;249mn[0m[38;5;249md[0m[38;5;249m:
[0m[38;5;249m [0m[38;5;249m'[0m[38;5;249mv[0m[38;5;249ma[0m[38;5;249mr[0m[38;5;249m([0m[38;5;249m-[0m[3
8;5;249m-[0m[38;5;249ma[0m[38;5;249mc[0m[38;5;249mc[0m[38;5;249me[0m[38;5;249mn[0m[38;5;249mt[0m[38;5;249
m-[0m[38;5;249mg[0m[38;5;249mr[0m[38;5;249ma[0m[38;5;249md[0m[38;5;249mi[0m[38;5;249me[0m[38;5;249mn[0m
[38;5;249mt[0m[38;5;249m)[0m[38;5;249m'[0m[38;5;249m [0m[38;5;249m}[0m[38;5;249m}[0m[38;5;249m>[0m[38;5;2
49m<[0m[38;5;249m/[0m[38;5;249md[0m[38;5;249mi[0m[38;5;249mv[0m[38;5;249m>[0m
 [38;5;240m    Γöé[0m                                                 Γö¼  
 [38;5;240m    Γöé[0m                                                 Γò░ΓöÇΓöÇ 
[38;5;246mΓöÇΓöÇΓöÇΓöÇΓöÇΓò»[0m

[31m[builtin:vite-transform] Error:[0m Invalid Unicode escape sequence
     [38;5;246mΓò¡[0m[38;5;246mΓöÇ[0m[38;5;246m[[0m src/components/Dashboard.jsx:199:18 [38;5;246m][0m
     [38;5;246mΓöé[0m
 [38;5;246m199 Γöé[0m [38;5;249m [0m[38;5;249m [0m[38;5;249m [0m[38;5;249m [0m[38;5;249m [0m[38;5;249m 
[0m[38;5;249m [0m[38;5;249m [0m[38;5;249m [0m[38;5;249m [0m[38;5;249m [0m[38;5;249m [0m[38;5;249m 
[0m[38;5;249m [0m[38;5;249m?[0m[38;5;249m [0m[38;5;249m\[0m`[38;5;249m╨É[0m[38;5;249m╨║[0m[38;5;249m╤é[0
m[38;5;249m╨╕[0m[38;5;249m╨▓[0m[38;5;249m╨╜[0m[38;5;249m╨╛[0m[38;5;249m:[0m[38;5;249m [0m[38;5;249m\[0m[
38;5;249m$[0m[38;5;249m{[0m[38;5;249mc[0m[38;5;249mu[0m[38;5;249mr[0m[38;5;249mr[0m[38;5;249me[0m[38;5;24
9mn[0m[38;5;249mt[0m[38;5;249mU[0m[38;5;249ms[0m[38;5;249me[0m[38;5;249mr[0m[38;5;249m.[0m[38;5;249mc[0m
[38;5;249mr[0m[38;5;249me[0m[38;5;249md[0m[38;5;249mi[0m[38;5;249mt[0m[38;5;249ms[0m[38;5;249m.[0m[38;5;
249mf[0m[38;5;249mi[0m[38;5;249ml[0m[38;5;249mt[0m[38;5;249me[0m[38;5;249mr[0m[38;5;249m([0m[38;5;249mc[
0m[38;5;249m [0m[38;5;249m=[0m[38;5;249m>[0m[38;5;249m [0m[38;5;249mc[0m[38;5;249m.[0m[38;5;249ms[0m[38;
5;249mt[0m[38;5;249ma[0m[38;5;249mt[0m[38;5;249mu[0m[38;5;249ms[0m[38;5;249m 
[0m[38;5;249m=[0m[38;5;249m=[0m[38;5;249m=[0m[38;5;249m [0m[38;5;249m'[0m[38;5;249ma[0m[38;5;249mc[0m[3
8;5;249mt[0m[38;5;249mi[0m[38;5;249mv[0m[38;5;249me[0m[38;5;249m'[0m[38;5;249m)[0m[38;5;249m.[0m[38;5;249
ml[0m[38;5;249me[0m[38;5;249mn[0m[38;5;249mg[0m[38;5;249mt[0m[38;5;249mh[0m[38;5;249m}[0m[38;5;249m\[0m
[38;5;249m`[0m
 [38;5;240m    Γöé[0m                  Γö¼  
 [38;5;240m    Γöé[0m                  Γò░ΓöÇΓöÇ 
[38;5;246mΓöÇΓöÇΓöÇΓöÇΓöÇΓò»[0m

[31m[builtin:vite-transform] Error:[0m Invalid Unicode escape sequence
     [38;5;246mΓò¡[0m[38;5;246mΓöÇ[0m[38;5;246m[[0m src/components/Dashboard.jsx:199:29 [38;5;246m][0m
     [38;5;246mΓöé[0m
 [38;5;246m199 Γöé[0m [38;5;249m [0m[38;5;249m [0m[38;5;249m [0m[38;5;249m [0m[38;5;249m [0m[38;5;249m 
[0m[38;5;249m [0m[38;5;249m [0m[38;5;249m [0m[38;5;249m [0m[38;5;249m [0m[38;5;249m [0m[38;5;249m 
[0m[38;5;249m [0m[38;5;249m?[0m[38;5;249m [0m[38;5;249m\[0m[38;5;249m`[0m[38;5;249m╨É[0m[38;5;249m╨║[0m
[38;5;249m╤é[0m[38;5;249m╨╕[0m[38;5;249m╨▓[0m[38;5;249m╨╜[0m[38;5;249m╨╛[0m[38;5;249m:[0m[38;5;249m [0m[3
8;5;249m\[0m$[38;5;249m{[0m[38;5;249mc[0m[38;5;249mu[0m[38;5;249mr[0m[38;5;249mr[0m[38;5;249me[0m[38;5;24
9mn[0m[38;5;249mt[0m[38;5;249mU[0m[38;5;249ms[0m[38;5;249me[0m[38;5;249mr[0m[38;5;249m.[0m[38;5;249mc[0m
[38;5;249mr[0m[38;5;249me[0m[38;5;249md[0m[38;5;249mi[0m[38;5;249mt[0m[38;5;249ms[0m[38;5;249m.[0m[38;5;
249mf[0m[38;5;249mi[0m[38;5;249ml[0m[38;5;249mt[0m[38;5;249me[0m[38;5;249mr[0m[38;5;249m([0m[38;5;249mc[
0m[38;5;249m [0m[38;5;249m=[0m[38;5;249m>[0m[38;5;249m [0m[38;5;249mc[0m[38;5;249m.[0m[38;5;249ms[0m[38;
5;249mt[0m[38;5;249ma[0m[38;5;249mt[0m[38;5;249mu[0m[38;5;249ms[0m[38;5;249m 
[0m[38;5;249m=[0m[38;5;249m=[0m[38;5;249m=[0m[38;5;249m [0m[38;5;249m'[0m[38;5;249ma[0m[38;5;249mc[0m[3
8;5;249mt[0m[38;5;249mi[0m[38;5;249mv[0m[38;5;249me[0m[38;5;249m'[0m[38;5;249m)[0m[38;5;249m.[0m[38;5;249
ml[0m[38;5;249me[0m[38;5;249mn[0m[38;5;249mg[0m[38;5;249mt[0m[38;5;249mh[0m[38;5;249m}[0m[38;5;249m\[0m
[38;5;249m`[0m
 [38;5;240m    Γöé[0m                             Γö¼  
 [38;5;240m    Γöé[0m                             Γò░ΓöÇΓöÇ 
[38;5;246mΓöÇΓöÇΓöÇΓöÇΓöÇΓò»[0m
[31m
    at aggregateBindingErrorsIntoJsError (file:///C:/Users/Dan%20Aushakhman/.gemini/antigravity/scratch/bank-app-mobile
/deploy/client/node_modules/rolldown/dist/shared/error-DL-e8-oE.mjs:48:18)
    at unwrapBindingResult (file:///C:/Users/Dan%20Aushakhman/.gemini/antigravity/scratch/bank-app-mobile/deploy/client
/node_modules/rolldown/dist/shared/error-DL-e8-oE.mjs:18:128)
    at #build (file:///C:/Users/Dan%20Aushakhman/.gemini/antigravity/scratch/bank-app-mobile/deploy/client/node_modules
/rolldown/dist/shared/rolldown-build-DSxL8qiP.mjs:3317:34)
    at async buildEnvironment (file:///C:/Users/Dan%20Aushakhman/.gemini/antigravity/scratch/bank-app-mobile/deploy/cli
ent/node_modules/vite/dist/node/chunks/node.js:33018:64)
    at async Object.build (file:///C:/Users/Dan%20Aushakhman/.gemini/antigravity/scratch/bank-app-mobile/deploy/client/
node_modules/vite/dist/node/chunks/node.js:33440:19)
    at async Object.buildApp (file:///C:/Users/Dan%20Aushakhman/.gemini/antigravity/scratch/bank-app-mobile/deploy/clie
nt/node_modules/vite/dist/node/chunks/node.js:33437:153)
    at async CAC.<anonymous> (file:///C:/Users/Dan%20Aushakhman/.gemini/antigravity/scratch/bank-app-mobile/deploy/clie
nt/node_modules/vite/dist/node/cli.js:778:3) {
  errors: [Getter/Setter]
}[39m
